[spawn] C:\Users\USER\AppData\Local\Temp\DSOClient\dlcache\dro_client64.exe -rooturl httpnz://alicdn-prod-774.drakensang.com/cdndata -cdnurl httpnz://alicdn-prod-774.drakensang.com/cdndata -rootkey <CDN-ROOT-KEY-REDACTED> -ip 172.20.0.1:2190 -uid 0 -accid <REDACTED> -sid <REDACTED> -w 888 -h 544 -language en -serverlanguage en -instanceid 481 -bica game-481-01-public.prod.drakensang.com -bicp 2191 -supporturl https://accountcenter.bpsecure.com/Support?pid=481 -forumsurl ../GameAPI.php?action=portal.redirectToBoard/ -useDeltaDNA -standalone
[spawn] cwd=C:\Users\USER\AppData\Local\Temp\DSOClient
[ready] frida=17.17.0 sockets=['sendto', 'recvfrom', 'WSASendTo'] hooks=['StreamWrite']
[instrumented] spawned pid 2380
capturing; press Ctrl-C to stop
HttpNzVirtualFileSystem: using root key from command line: <CDN-ROOT-KEY-REDACTED>
Command Line Args: C:\Users\USER\AppData\Local\Temp\DSOClient\dlcache\dro_client64.exe -rooturl httpnz://alicdn-prod-774.drakensang.com/cdndata -cdnurl httpnz://alicdn-prod-774.drakensang.com/cdndata -rootkey <CDN-ROOT-KEY-REDACTED> -ip 172.20.0.1:2190 -uid 0 -accid <REDACTED> -sid <REDACTED> -w 888 -h 544 -language en -serverlanguage en -instanceid 481 -bica game-481-01-public.prod.drakensang.com -bicp 2191 -supporturl https://accountcenter.bpsecure.com/Support?pid=481 -forumsurl ../GameAPI.php?action=portal.redirectToBoard/ -useDeltaDNA -standalone
D3D9DisplayDevice: frame time rounding enabled at 32 Hz
[FMOD_COREAUDIO INFO] bank 'audio:fmodstudioexport/Desktop/MasterBank.bank' loaded from disk (size:   0.054 MB)
[FMOD_COREAUDIO INFO] bank 'audio:fmodstudioexport/Desktop/MasterBank.strings.bank' loaded from disk (size:   0.309 MB)
[FMOD_COREAUDIO INFO] bank 'audio:fmodstudioexport/Desktop/reverb_snapshot.bank' loaded from disk (size:   0.009 MB)
[FMOD_COREAUDIO INFO] bank 'audio:fmodstudioexport/Desktop/mini_game_snapshot.bank' loaded from disk (size:   0.001 MB)
ShaderVariable::Setup() WARNING: unknown shader parameter 'ShadowProjTransform' in shader 'lightsources'!
ShaderVariable::Setup() WARNING: unknown shader parameter 'ShadowOffsetScale' in shader 'lightsources'!
ShaderVariable::Setup() WARNING: unknown shader parameter 'ShadowDarkeningFactor' in shader 'lightsources'!
ShaderVariable::Setup() WARNING: unknown shader parameter 'GlobalLightPSSMTransforms' in shader 'lightsources'!
ShaderVariable::Setup() WARNING: unknown shader parameter 'ShadowIntensity' in shader 'lightsources'!
ShaderVariable::Setup() WARNING: unknown shader parameter 'ShadowDepthBias' in shader 'lightsources'!
DrasaClientBase: Connecting to server 172.20.0.1:2190 ...
DrasaClientHandler: Connection to server established!
DrasaClientHandler::RemoveCrashReport(): crashlog removed
DrasaClientHandler::RemoveCrashReport(): callstacklog removed
DrasaClientHandler::RemoveCrashReport(): sysinfolog removed
DrasaClientHandler: Handle login challenge!
DrasaClient: Received switch map command (172.20.0.1:2192).
python.exe : FactoryManager::ParseBluePrints(): Property 
Properties::SequencerCameraProperty doesn't exist in class registry?
At \\host.lan\Data\hook-dso.ps1:357 char:5
+     & $python.Source -u @arguments 2>&1 | Tee-Object -FilePath $scrip ...
+     ~~~~~~~~~~~~~~~~~~~~~~~~~~~~~~~~~~~
    + CategoryInfo          : NotSpecified: (FactoryManager:...class registry?:String) [], 
    RemoteException
    + FullyQualifiedErrorId : NativeCommandError
 
FactoryManager::ParseBluePrints(): Property InGameEditing::LevelEditorWaypointProperty 
doesn't exist in class registry?
FactoryManager::ParseBluePrints(): Property Properties::PathCalculationProperty doesn't 
exist in class registry?
Client activity signin manager activated
Client activity signin manager activated
CombatText::CombatTextTypeFromString(): Invalid CombatTextType string passed!
RakNetClient::HandleDisconnectionByClient(): Connection to server closed (172.20.0.1:2190, 172.20.0.1:2190)!
DrasaClientHandler: Actively disconnected from server (172.20.0.1).
DrasaClientBase: Connecting to server 172.20.0.1:2192 ...
D3D9MouseRenderDevice::InternalUpdateMouseCursor - Texture not loaded.
D3D9MouseRenderDevice::InternalUpdateMouseCursor - Texture not loaded.
DrasaClientHandler: Connection to server established!
DrasaClientHandler: Handle login challenge!
InternalPathEngineServer::PreprocessMesh processing collide for shape [small]
InternalPathEngineServer::PreprocessMesh processing collide for shape [medium]
InternalPathEngineServer::PreprocessMesh processing collide for shape [large]
InternalPathEngineServer::PreprocessMesh processing collide for shape [giant]
InternalPathEngineServer::Load: loading paths disabled!
[FMOD_COREAUDIO INFO] bank 'audio:fmodstudioexport/Desktop/initial_loading_bank.bank' loaded from disk (size:   0.871 MB)
StagingSystem::EventTypeFromString: Invalid event type PlayerFightingCapabilityScoreChanged
[FMOD_COREAUDIO INFO] bank 'audio:fmodstudioexport/Desktop/initial_jingles.bank' loaded from disk (size:   0.782 MB)
[FMOD_COREAUDIO INFO] bank 'audio:fmodstudioexport/Desktop/initial_ui.bank' loaded from disk (size:   1.076 MB)
[FMOD_COREAUDIO INFO] bank 'audio:fmodstudioexport/Desktop/quest_guide.bank' loaded from disk (size:   0.077 MB)
[FMOD_COREAUDIO INFO] bank 'audio:fmodstudioexport/Desktop/chapter.bank' loaded from disk (size:   0.055 MB)
[FMOD_COREAUDIO INFO] bank 'audio:fmodstudioexport/Desktop/gift.bank' loaded from disk (size:   0.053 MB)
Client activity signin manager started
DrasaClientHandler: Send client ready packet!
[FMOD_COREAUDIO INFO] bank 'audio:fmodstudioexport/Desktop/atmo_charscreen.bank' loaded from disk (size:   1.911 MB)
Syncing client game world with time sync packet: 169 server game tick, 2 delay!
[FMOD_COREAUDIO INFO] bank 'audio:fmodstudioexport/Desktop/general_archetype.bank' loaded from disk (size:   0.592 MB)
[FMOD_COREAUDIO INFO] bank 'audio:fmodstudioexport/Desktop/music_coastvillage_hub_a_b_z.bank' loaded from disk (size:   2.430 MB)
[FMOD_COREAUDIO INFO] bank 'audio:fmodstudioexport/Desktop/arch_warrior_start_male_1h_foley.bank' loaded from disk (size:   0.336 MB)
[FMOD_COREAUDIO INFO] bank 'audio:fmodstudioexport/Desktop/arch_warrior_start_male_1h_voc.bank' loaded from disk (size:   0.271 MB)
ClientPlayerManager: handle event updates!
Syncing client game world with time sync packet: 231 server game tick, 60 delay!
[FMOD_COREAUDIO WARNING] event: "event:/ui/char_gen/ui_char_gen_generate_warrior_male" was 
triggered, but no EventDescription was found for it!
[FMOD_COREAUDIO INFO] bank 'audio:fmodstudioexport/Desktop/char_gen.bank' loaded from disk (size:   0.298 MB)
[FMOD_COREAUDIO INFO] FMOD_SYSTEM_CALLBACK_THREADCREATED: Name = 'FMOD nonblocking thread (0)'
[FMOD_COREAUDIO INFO] bank 'audio:fmodstudioexport/Desktop/char_gen.bank' unloaded
[FMOD_COREAUDIO INFO] bank 'audio:fmodstudioexport/Desktop/arch_warrior_start_male_1h_voc.bank' unloaded
[FMOD_COREAUDIO INFO] bank 'audio:fmodstudioexport/Desktop/arch_warrior_start_male_1h_foley.bank' unloaded
[FMOD_COREAUDIO INFO] bank 'audio:fmodstudioexport/Desktop/music_coastvillage_hub_a_b_z.bank' unloaded
[FMOD_COREAUDIO INFO] bank 'audio:fmodstudioexport/Desktop/atmo_charscreen.bank' unloaded
[FMOD_COREAUDIO INFO] bank 'audio:fmodstudioexport/Desktop/general_archetype.bank' unloaded
[FMOD_COREAUDIO INFO] bank 'audio:fmodstudioexport/Desktop/initial_jingles.bank' unloaded
[FMOD_COREAUDIO INFO] bank 'audio:fmodstudioexport/Desktop/initial_loading_bank.bank' unloaded
[FMOD_COREAUDIO INFO] bank 'audio:fmodstudioexport/Desktop/gift.bank' unloaded
[FMOD_COREAUDIO INFO] bank 'audio:fmodstudioexport/Desktop/chapter.bank' unloaded
[FMOD_COREAUDIO INFO] bank 'audio:fmodstudioexport/Desktop/quest_guide.bank' unloaded
[FMOD_COREAUDIO INFO] bank 'audio:fmodstudioexport/Desktop/initial_ui.bank' unloaded
[FMOD_COREAUDIO INFO] bank 'audio:fmodstudioexport/Desktop/MasterBank.bank' unloaded
[FMOD_COREAUDIO INFO] bank 'audio:fmodstudioexport/Desktop/MasterBank.strings.bank' unloaded
[FMOD_COREAUDIO INFO] bank 'audio:fmodstudioexport/Desktop/reverb_snapshot.bank' unloaded
[FMOD_COREAUDIO INFO] bank 'audio:fmodstudioexport/Desktop/mini_game_snapshot.bank' unloaded
